Archive member included because of file (symbol)

c:/winavr-20100110/bin/../lib/gcc/avr/4.3.3/avr5\libgcc.a(_udivmodhi4.o)
                              C:\Users\NITIN\AppData\Local\Temp/ccQv6xZC.o (__udivmodhi4)
c:/winavr-20100110/bin/../lib/gcc/avr/4.3.3/avr5\libgcc.a(_exit.o)
                              c:/winavr-20100110/bin/../lib/gcc/avr/4.3.3/../../../../avr/lib/avr5/crtm32.o (exit)
c:/winavr-20100110/bin/../lib/gcc/avr/4.3.3/avr5\libgcc.a(_copy_data.o)
                              C:\Users\NITIN\AppData\Local\Temp/ccQv6xZC.o (__do_copy_data)
c:/winavr-20100110/bin/../lib/gcc/avr/4.3.3/avr5\libgcc.a(_clear_bss.o)
                              C:\Users\NITIN\AppData\Local\Temp/ccQv6xZC.o (__do_clear_bss)

Allocating common symbols
Common symbol       size              file

result              0x2               C:\Users\NITIN\AppData\Local\Temp/ccQv6xZC.o

Memory Configuration

Name             Origin             Length             Attributes
text             0x00000000         0x00020000         xr
data             0x00800060         0x0000ffa0         rw !x
eeprom           0x00810000         0x00010000         rw !x
fuse             0x00820000         0x00000400         rw !x
lock             0x00830000         0x00000400         rw !x
signature        0x00840000         0x00000400         rw !x
*default*        0x00000000         0xffffffff

Linker script and memory map

LOAD c:/winavr-20100110/bin/../lib/gcc/avr/4.3.3/../../../../avr/lib/avr5/crtm32.o
LOAD C:\Users\NITIN\AppData\Local\Temp/ccQv6xZC.o
LOAD c:/winavr-20100110/bin/../lib/gcc/avr/4.3.3/../../../../avr/lib/avr5\libm.a
LOAD c:/winavr-20100110/bin/../lib/gcc/avr/4.3.3/avr5\libgcc.a
LOAD c:/winavr-20100110/bin/../lib/gcc/avr/4.3.3/../../../../avr/lib/avr5\libc.a
LOAD c:/winavr-20100110/bin/../lib/gcc/avr/4.3.3/avr5\libgcc.a

.hash
 *(.hash)

.dynsym
 *(.dynsym)

.dynstr
 *(.dynstr)

.gnu.version
 *(.gnu.version)

.gnu.version_d
 *(.gnu.version_d)

.gnu.version_r
 *(.gnu.version_r)

.rel.init
 *(.rel.init)

.rela.init
 *(.rela.init)

.rel.text
 *(.rel.text)
 *(.rel.text.*)
 *(.rel.gnu.linkonce.t*)

.rela.text
 *(.rela.text)
 *(.rela.text.*)
 *(.rela.gnu.linkonce.t*)

.rel.fini
 *(.rel.fini)

.rela.fini
 *(.rela.fini)

.rel.rodata
 *(.rel.rodata)
 *(.rel.rodata.*)
 *(.rel.gnu.linkonce.r*)

.rela.rodata
 *(.rela.rodata)
 *(.rela.rodata.*)
 *(.rela.gnu.linkonce.r*)

.rel.data
 *(.rel.data)
 *(.rel.data.*)
 *(.rel.gnu.linkonce.d*)

.rela.data
 *(.rela.data)
 *(.rela.data.*)
 *(.rela.gnu.linkonce.d*)

.rel.ctors
 *(.rel.ctors)

.rela.ctors
 *(.rela.ctors)

.rel.dtors
 *(.rel.dtors)

.rela.dtors
 *(.rela.dtors)

.rel.got
 *(.rel.got)

.rela.got
 *(.rela.got)

.rel.bss
 *(.rel.bss)

.rela.bss
 *(.rela.bss)

.rel.plt
 *(.rel.plt)

.rela.plt
 *(.rela.plt)

.text           0x00000000      0x6d4
 *(.vectors)
 .vectors       0x00000000       0x54 c:/winavr-20100110/bin/../lib/gcc/avr/4.3.3/../../../../avr/lib/avr5/crtm32.o
                0x00000000                __vectors
                0x00000000                __vector_default
 *(.vectors)
 *(.progmem.gcc*)
 *(.progmem*)
                0x00000054                . = ALIGN (0x2)
                0x00000054                __trampolines_start = .
 *(.trampolines)
 .trampolines   0x00000054        0x0 linker stubs
 *(.trampolines*)
                0x00000054                __trampolines_end = .
 *(.jumptables)
 *(.jumptables*)
 *(.lowtext)
 *(.lowtext*)
                0x00000054                __ctors_start = .
 *(.ctors)
                0x00000054                __ctors_end = .
                0x00000054                __dtors_start = .
 *(.dtors)
                0x00000054                __dtors_end = .
 SORT(*)(.ctors)
 SORT(*)(.dtors)
 *(.init0)
 .init0         0x00000054        0x0 c:/winavr-20100110/bin/../lib/gcc/avr/4.3.3/../../../../avr/lib/avr5/crtm32.o
                0x00000054                __init
 *(.init0)
 *(.init1)
 *(.init1)
 *(.init2)
 .init2         0x00000054        0xc c:/winavr-20100110/bin/../lib/gcc/avr/4.3.3/../../../../avr/lib/avr5/crtm32.o
 *(.init2)
 *(.init3)
 *(.init3)
 *(.init4)
 .init4         0x00000060       0x16 c:/winavr-20100110/bin/../lib/gcc/avr/4.3.3/avr5\libgcc.a(_copy_data.o)
                0x00000060                __do_copy_data
 .init4         0x00000076       0x10 c:/winavr-20100110/bin/../lib/gcc/avr/4.3.3/avr5\libgcc.a(_clear_bss.o)
                0x00000076                __do_clear_bss
 *(.init4)
 *(.init5)
 *(.init5)
 *(.init6)
 *(.init6)
 *(.init7)
 *(.init7)
 *(.init8)
 *(.init8)
 *(.init9)
 .init9         0x00000086        0x8 c:/winavr-20100110/bin/../lib/gcc/avr/4.3.3/../../../../avr/lib/avr5/crtm32.o
 *(.init9)
 *(.text)
 .text          0x0000008e        0x4 c:/winavr-20100110/bin/../lib/gcc/avr/4.3.3/../../../../avr/lib/avr5/crtm32.o
                0x0000008e                __vector_1
                0x0000008e                __vector_12
                0x0000008e                __bad_interrupt
                0x0000008e                __vector_6
                0x0000008e                __vector_3
                0x0000008e                __vector_11
                0x0000008e                __vector_17
                0x0000008e                __vector_19
                0x0000008e                __vector_7
                0x0000008e                __vector_5
                0x0000008e                __vector_4
                0x0000008e                __vector_9
                0x0000008e                __vector_2
                0x0000008e                __vector_15
                0x0000008e                __vector_8
                0x0000008e                __vector_10
                0x0000008e                __vector_16
                0x0000008e                __vector_18
                0x0000008e                __vector_20
 .text          0x00000092      0x616 C:\Users\NITIN\AppData\Local\Temp/ccQv6xZC.o
                0x000002a4                lcd_data
                0x00000458                init_motor
                0x00000434                Triger_1
                0x0000019a                transmitByte
                0x000002b8                lcd_gotoxy
                0x00000466                init_Ultrasonic
                0x000002e0                lcd_putc
                0x00000418                right
                0x00000424                left
                0x0000012e                clearBuffer
                0x000001aa                uart_puts
                0x000002d8                lcd_home
                0x000001be                uart_puts_p
                0x00000092                __vector_13
                0x000002d0                lcd_clrscr
                0x00000138                uart_init
                0x000002c8                lcd_getxy
                0x000003fc                forward
                0x0000030a                lcd_puts
                0x00000162                uart_getc
                0x00000322                lcd_puts_p
                0x0000033e                lcd_init
                0x000004e0                main
                0x000001a2                uart_putc
                0x000003b2                Width_1
                0x00000446                Triger_2
                0x000000e4                __vector_14
                0x00000430                stop
                0x00000290                lcd_command
                0x00000470                Read_Ultrasonic
                0x0000040a                backword
 .text          0x000006a8        0x0 c:/winavr-20100110/bin/../lib/gcc/avr/4.3.3/avr5\libgcc.a(_udivmodhi4.o)
 .text          0x000006a8        0x0 c:/winavr-20100110/bin/../lib/gcc/avr/4.3.3/avr5\libgcc.a(_exit.o)
 .text          0x000006a8        0x0 c:/winavr-20100110/bin/../lib/gcc/avr/4.3.3/avr5\libgcc.a(_copy_data.o)
 .text          0x000006a8        0x0 c:/winavr-20100110/bin/../lib/gcc/avr/4.3.3/avr5\libgcc.a(_clear_bss.o)
                0x000006a8                . = ALIGN (0x2)
 *(.text.*)
 .text.libgcc   0x000006a8       0x28 c:/winavr-20100110/bin/../lib/gcc/avr/4.3.3/avr5\libgcc.a(_udivmodhi4.o)
                0x000006a8                __udivmodhi4
 .text.libgcc   0x000006d0        0x0 c:/winavr-20100110/bin/../lib/gcc/avr/4.3.3/avr5\libgcc.a(_exit.o)
 .text.libgcc   0x000006d0        0x0 c:/winavr-20100110/bin/../lib/gcc/avr/4.3.3/avr5\libgcc.a(_copy_data.o)
 .text.libgcc   0x000006d0        0x0 c:/winavr-20100110/bin/../lib/gcc/avr/4.3.3/avr5\libgcc.a(_clear_bss.o)
                0x000006d0                . = ALIGN (0x2)
 *(.fini9)
 .fini9         0x000006d0        0x0 c:/winavr-20100110/bin/../lib/gcc/avr/4.3.3/avr5\libgcc.a(_exit.o)
                0x000006d0                exit
                0x000006d0                _exit
 *(.fini9)
 *(.fini8)
 *(.fini8)
 *(.fini7)
 *(.fini7)
 *(.fini6)
 *(.fini6)
 *(.fini5)
 *(.fini5)
 *(.fini4)
 *(.fini4)
 *(.fini3)
 *(.fini3)
 *(.fini2)
 *(.fini2)
 *(.fini1)
 *(.fini1)
 *(.fini0)
 .fini0         0x000006d0        0x4 c:/winavr-20100110/bin/../lib/gcc/avr/4.3.3/avr5\libgcc.a(_exit.o)
 *(.fini0)
                0x000006d4                _etext = .

.data           0x00800060       0x2a load address 0x000006d4
                0x00800060                PROVIDE (__data_start, .)
 *(.data)
 .data          0x00800060        0x0 c:/winavr-20100110/bin/../lib/gcc/avr/4.3.3/../../../../avr/lib/avr5/crtm32.o
 .data          0x00800060       0x29 C:\Users\NITIN\AppData\Local\Temp/ccQv6xZC.o
 .data          0x00800089        0x0 c:/winavr-20100110/bin/../lib/gcc/avr/4.3.3/avr5\libgcc.a(_udivmodhi4.o)
 .data          0x00800089        0x0 c:/winavr-20100110/bin/../lib/gcc/avr/4.3.3/avr5\libgcc.a(_exit.o)
 .data          0x00800089        0x0 c:/winavr-20100110/bin/../lib/gcc/avr/4.3.3/avr5\libgcc.a(_copy_data.o)
 .data          0x00800089        0x0 c:/winavr-20100110/bin/../lib/gcc/avr/4.3.3/avr5\libgcc.a(_clear_bss.o)
 *(.data*)
 *(.rodata)
 *(.rodata*)
 *(.gnu.linkonce.d*)
                0x0080008a                . = ALIGN (0x2)
 *fill*         0x00800089        0x1 00
                0x0080008a                _edata = .
                0x0080008a                PROVIDE (__data_end, .)

.bss            0x0080008a      0x176
                0x0080008a                PROVIDE (__bss_start, .)
 *(.bss)
 .bss           0x0080008a        0x0 c:/winavr-20100110/bin/../lib/gcc/avr/4.3.3/../../../../avr/lib/avr5/crtm32.o
 .bss           0x0080008a      0x174 C:\Users\NITIN\AppData\Local\Temp/ccQv6xZC.o
                0x008000b2                Trig1
                0x008000b7                distance_u2
                0x0080009e                buff1
                0x0080008a                buff0
                0x008000b3                Trig2
                0x008000b5                distance_u1
                0x008000b4                Flag
 .bss           0x008001fe        0x0 c:/winavr-20100110/bin/../lib/gcc/avr/4.3.3/avr5\libgcc.a(_udivmodhi4.o)
 .bss           0x008001fe        0x0 c:/winavr-20100110/bin/../lib/gcc/avr/4.3.3/avr5\libgcc.a(_exit.o)
 .bss           0x008001fe        0x0 c:/winavr-20100110/bin/../lib/gcc/avr/4.3.3/avr5\libgcc.a(_copy_data.o)
 .bss           0x008001fe        0x0 c:/winavr-20100110/bin/../lib/gcc/avr/4.3.3/avr5\libgcc.a(_clear_bss.o)
 *(.bss*)
 *(COMMON)
 COMMON         0x008001fe        0x2 C:\Users\NITIN\AppData\Local\Temp/ccQv6xZC.o
                0x008001fe                result
                0x00800200                PROVIDE (__bss_end, .)
                0x000006d4                __data_load_start = LOADADDR (.data)
                0x000006fe                __data_load_end = (__data_load_start + SIZEOF (.data))

.noinit         0x00800200        0x0
                0x00800200                PROVIDE (__noinit_start, .)
 *(.noinit*)
                0x00800200                PROVIDE (__noinit_end, .)
                0x00800200                _end = .
                0x00800200                PROVIDE (__heap_start, .)

.eeprom         0x00810000        0x0
 *(.eeprom*)
                0x00810000                __eeprom_end = .

.fuse
 *(.fuse)
 *(.lfuse)
 *(.hfuse)
 *(.efuse)

.lock
 *(.lock*)

.signature
 *(.signature*)

.stab
 *(.stab)

.stabstr
 *(.stabstr)

.stab.excl
 *(.stab.excl)

.stab.exclstr
 *(.stab.exclstr)

.stab.index
 *(.stab.index)

.stab.indexstr
 *(.stab.indexstr)

.comment
 *(.comment)

.debug
 *(.debug)

.line
 *(.line)

.debug_srcinfo
 *(.debug_srcinfo)

.debug_sfnames
 *(.debug_sfnames)

.debug_aranges  0x00000000       0x20
 *(.debug_aranges)
 .debug_aranges
                0x00000000       0x20 C:\Users\NITIN\AppData\Local\Temp/ccQv6xZC.o

.debug_pubnames
                0x00000000      0x21e
 *(.debug_pubnames)
 .debug_pubnames
                0x00000000      0x21e C:\Users\NITIN\AppData\Local\Temp/ccQv6xZC.o

.debug_info     0x00000000      0xe28
 *(.debug_info)
 .debug_info    0x00000000      0xe28 C:\Users\NITIN\AppData\Local\Temp/ccQv6xZC.o
 *(.gnu.linkonce.wi.*)

.debug_abbrev   0x00000000      0x3e4
 *(.debug_abbrev)
 .debug_abbrev  0x00000000      0x3e4 C:\Users\NITIN\AppData\Local\Temp/ccQv6xZC.o

.debug_line     0x00000000      0xc87
 *(.debug_line)
 .debug_line    0x00000000      0xc87 C:\Users\NITIN\AppData\Local\Temp/ccQv6xZC.o

.debug_frame    0x00000000      0x230
 *(.debug_frame)
 .debug_frame   0x00000000      0x230 C:\Users\NITIN\AppData\Local\Temp/ccQv6xZC.o

.debug_str      0x00000000      0x348
 *(.debug_str)
 .debug_str     0x00000000      0x348 C:\Users\NITIN\AppData\Local\Temp/ccQv6xZC.o
                                0x38d (size before relaxing)

.debug_loc      0x00000000      0x5d3
 *(.debug_loc)
 .debug_loc     0x00000000      0x5d3 C:\Users\NITIN\AppData\Local\Temp/ccQv6xZC.o

.debug_macinfo
 *(.debug_macinfo)
OUTPUT(Ultrasonic_Motor.elf elf32-avr)
LOAD linker stubs

.debug_ranges   0x00000000       0xc0
 .debug_ranges  0x00000000       0xc0 C:\Users\NITIN\AppData\Local\Temp/ccQv6xZC.o

Cross Reference Table

Symbol                                            File
Flag                                              C:\Users\NITIN\AppData\Local\Temp/ccQv6xZC.o
Read_Ultrasonic                                   C:\Users\NITIN\AppData\Local\Temp/ccQv6xZC.o
Trig1                                             C:\Users\NITIN\AppData\Local\Temp/ccQv6xZC.o
Trig2                                             C:\Users\NITIN\AppData\Local\Temp/ccQv6xZC.o
Triger_1                                          C:\Users\NITIN\AppData\Local\Temp/ccQv6xZC.o
Triger_2                                          C:\Users\NITIN\AppData\Local\Temp/ccQv6xZC.o
Width_1                                           C:\Users\NITIN\AppData\Local\Temp/ccQv6xZC.o
__bad_interrupt                                   c:/winavr-20100110/bin/../lib/gcc/avr/4.3.3/../../../../avr/lib/avr5/crtm32.o
__bss_end                                         c:/winavr-20100110/bin/../lib/gcc/avr/4.3.3/avr5\libgcc.a(_clear_bss.o)
__bss_start                                       c:/winavr-20100110/bin/../lib/gcc/avr/4.3.3/avr5\libgcc.a(_clear_bss.o)
__data_end                                        c:/winavr-20100110/bin/../lib/gcc/avr/4.3.3/avr5\libgcc.a(_copy_data.o)
__data_load_start                                 c:/winavr-20100110/bin/../lib/gcc/avr/4.3.3/avr5\libgcc.a(_copy_data.o)
__data_start                                      c:/winavr-20100110/bin/../lib/gcc/avr/4.3.3/avr5\libgcc.a(_copy_data.o)
__do_clear_bss                                    c:/winavr-20100110/bin/../lib/gcc/avr/4.3.3/avr5\libgcc.a(_clear_bss.o)
                                                  C:\Users\NITIN\AppData\Local\Temp/ccQv6xZC.o
__do_copy_data                                    c:/winavr-20100110/bin/../lib/gcc/avr/4.3.3/avr5\libgcc.a(_copy_data.o)
                                                  C:\Users\NITIN\AppData\Local\Temp/ccQv6xZC.o
__heap_end                                        c:/winavr-20100110/bin/../lib/gcc/avr/4.3.3/../../../../avr/lib/avr5/crtm32.o
__init                                            c:/winavr-20100110/bin/../lib/gcc/avr/4.3.3/../../../../avr/lib/avr5/crtm32.o
__stack                                           c:/winavr-20100110/bin/../lib/gcc/avr/4.3.3/../../../../avr/lib/avr5/crtm32.o
__udivmodhi4                                      c:/winavr-20100110/bin/../lib/gcc/avr/4.3.3/avr5\libgcc.a(_udivmodhi4.o)
                                                  C:\Users\NITIN\AppData\Local\Temp/ccQv6xZC.o
__vector_1                                        c:/winavr-20100110/bin/../lib/gcc/avr/4.3.3/../../../../avr/lib/avr5/crtm32.o
__vector_10                                       c:/winavr-20100110/bin/../lib/gcc/avr/4.3.3/../../../../avr/lib/avr5/crtm32.o
__vector_11                                       c:/winavr-20100110/bin/../lib/gcc/avr/4.3.3/../../../../avr/lib/avr5/crtm32.o
__vector_12                                       c:/winavr-20100110/bin/../lib/gcc/avr/4.3.3/../../../../avr/lib/avr5/crtm32.o
__vector_13                                       C:\Users\NITIN\AppData\Local\Temp/ccQv6xZC.o
                                                  c:/winavr-20100110/bin/../lib/gcc/avr/4.3.3/../../../../avr/lib/avr5/crtm32.o
__vector_14                                       C:\Users\NITIN\AppData\Local\Temp/ccQv6xZC.o
                                                  c:/winavr-20100110/bin/../lib/gcc/avr/4.3.3/../../../../avr/lib/avr5/crtm32.o
__vector_15                                       c:/winavr-20100110/bin/../lib/gcc/avr/4.3.3/../../../../avr/lib/avr5/crtm32.o
__vector_16                                       c:/winavr-20100110/bin/../lib/gcc/avr/4.3.3/../../../../avr/lib/avr5/crtm32.o
__vector_17                                       c:/winavr-20100110/bin/../lib/gcc/avr/4.3.3/../../../../avr/lib/avr5/crtm32.o
__vector_18                                       c:/winavr-20100110/bin/../lib/gcc/avr/4.3.3/../../../../avr/lib/avr5/crtm32.o
__vector_19                                       c:/winavr-20100110/bin/../lib/gcc/avr/4.3.3/../../../../avr/lib/avr5/crtm32.o
__vector_2                                        c:/winavr-20100110/bin/../lib/gcc/avr/4.3.3/../../../../avr/lib/avr5/crtm32.o
__vector_20                                       c:/winavr-20100110/bin/../lib/gcc/avr/4.3.3/../../../../avr/lib/avr5/crtm32.o
__vector_3                                        c:/winavr-20100110/bin/../lib/gcc/avr/4.3.3/../../../../avr/lib/avr5/crtm32.o
__vector_4                                        c:/winavr-20100110/bin/../lib/gcc/avr/4.3.3/../../../../avr/lib/avr5/crtm32.o
__vector_5                                        c:/winavr-20100110/bin/../lib/gcc/avr/4.3.3/../../../../avr/lib/avr5/crtm32.o
__vector_6                                        c:/winavr-20100110/bin/../lib/gcc/avr/4.3.3/../../../../avr/lib/avr5/crtm32.o
__vector_7                                        c:/winavr-20100110/bin/../lib/gcc/avr/4.3.3/../../../../avr/lib/avr5/crtm32.o
__vector_8                                        c:/winavr-20100110/bin/../lib/gcc/avr/4.3.3/../../../../avr/lib/avr5/crtm32.o
__vector_9                                        c:/winavr-20100110/bin/../lib/gcc/avr/4.3.3/../../../../avr/lib/avr5/crtm32.o
__vector_default                                  c:/winavr-20100110/bin/../lib/gcc/avr/4.3.3/../../../../avr/lib/avr5/crtm32.o
__vectors                                         c:/winavr-20100110/bin/../lib/gcc/avr/4.3.3/../../../../avr/lib/avr5/crtm32.o
_exit                                             c:/winavr-20100110/bin/../lib/gcc/avr/4.3.3/avr5\libgcc.a(_exit.o)
backword                                          C:\Users\NITIN\AppData\Local\Temp/ccQv6xZC.o
buff0                                             C:\Users\NITIN\AppData\Local\Temp/ccQv6xZC.o
buff1                                             C:\Users\NITIN\AppData\Local\Temp/ccQv6xZC.o
clearBuffer                                       C:\Users\NITIN\AppData\Local\Temp/ccQv6xZC.o
distance_u1                                       C:\Users\NITIN\AppData\Local\Temp/ccQv6xZC.o
distance_u2                                       C:\Users\NITIN\AppData\Local\Temp/ccQv6xZC.o
exit                                              c:/winavr-20100110/bin/../lib/gcc/avr/4.3.3/avr5\libgcc.a(_exit.o)
                                                  c:/winavr-20100110/bin/../lib/gcc/avr/4.3.3/../../../../avr/lib/avr5/crtm32.o
forward                                           C:\Users\NITIN\AppData\Local\Temp/ccQv6xZC.o
init_Ultrasonic                                   C:\Users\NITIN\AppData\Local\Temp/ccQv6xZC.o
init_motor                                        C:\Users\NITIN\AppData\Local\Temp/ccQv6xZC.o
lcd_clrscr                                        C:\Users\NITIN\AppData\Local\Temp/ccQv6xZC.o
lcd_command                                       C:\Users\NITIN\AppData\Local\Temp/ccQv6xZC.o
lcd_data                                          C:\Users\NITIN\AppData\Local\Temp/ccQv6xZC.o
lcd_getxy                                         C:\Users\NITIN\AppData\Local\Temp/ccQv6xZC.o
lcd_gotoxy                                        C:\Users\NITIN\AppData\Local\Temp/ccQv6xZC.o
lcd_home                                          C:\Users\NITIN\AppData\Local\Temp/ccQv6xZC.o
lcd_init                                          C:\Users\NITIN\AppData\Local\Temp/ccQv6xZC.o
lcd_putc                                          C:\Users\NITIN\AppData\Local\Temp/ccQv6xZC.o
lcd_puts                                          C:\Users\NITIN\AppData\Local\Temp/ccQv6xZC.o
lcd_puts_p                                        C:\Users\NITIN\AppData\Local\Temp/ccQv6xZC.o
left                                              C:\Users\NITIN\AppData\Local\Temp/ccQv6xZC.o
main                                              C:\Users\NITIN\AppData\Local\Temp/ccQv6xZC.o
                                                  c:/winavr-20100110/bin/../lib/gcc/avr/4.3.3/../../../../avr/lib/avr5/crtm32.o
result                                            C:\Users\NITIN\AppData\Local\Temp/ccQv6xZC.o
right                                             C:\Users\NITIN\AppData\Local\Temp/ccQv6xZC.o
stop                                              C:\Users\NITIN\AppData\Local\Temp/ccQv6xZC.o
transmitByte                                      C:\Users\NITIN\AppData\Local\Temp/ccQv6xZC.o
uart_getc                                         C:\Users\NITIN\AppData\Local\Temp/ccQv6xZC.o
uart_init                                         C:\Users\NITIN\AppData\Local\Temp/ccQv6xZC.o
uart_putc                                         C:\Users\NITIN\AppData\Local\Temp/ccQv6xZC.o
uart_puts                                         C:\Users\NITIN\AppData\Local\Temp/ccQv6xZC.o
uart_puts_p                                       C:\Users\NITIN\AppData\Local\Temp/ccQv6xZC.o
